// Jest Snapshot v1, https://goo.gl/fbAQLP

exports[`CollegeBoardMini component should render 1`] = `
<CollegeBoardMini>
  <div
    className="mini_container results-overview-mini-container col-md-4 col-sm-5 text-center college-board-mini"
  >
    <div
      className="mini_content"
    >
      <h3>
        AP, Pre-AP, & SpringBoard Activities 
      </h3>
      <p>
        We partnered with the College Board to provide free activities for middle and high school students.
      </p>
      <p>
        These activities cover key writing skills for AP, Pre-AP, and SpringBoard courses.
      </p>
      <a
        className="bg-quillgreen text-white"
        href="/assign/college-board"
      >
        Explore the Activities
      </a>
    </div>
  </div>
</CollegeBoardMini>
`;
