// Jest Snapshot v1, https://goo.gl/fbAQLP

exports[`JoinClassStage2 component should render success state 1`] = `
<div
  className="additional-class stage-2 text-center"
>
  <h1>
    Classroom Added!
  </h1>
  <a
    className="button-green btn"
    href="/"
  >
    Return to Your Profile
  </a>
</div>
`;
