// Jest Snapshot v1, https://goo.gl/fbAQLP

exports[`UniversalRulesIndex component should render UniversalRulesIndex 1`] = `
<ContextProvider
  value={true}
>
  <ContextProvider
    value={
      DefaultReactQueryClient {
        "defaultOptions": Object {
          "queries": Object {
            "cacheTime": Infinity,
            "staleTime": Infinity,
          },
        },
        "mutationCache": MutationCache {
          "config": Object {},
          "listeners": Array [],
          "mutationId": 0,
          "mutations": Array [],
        },
        "mutationDefaults": Array [],
        "queryCache": QueryCache {
          "config": Object {},
          "listeners": Array [],
          "queries": Array [],
          "queriesMap": Object {},
        },
        "queryDefaults": Array [],
      }
    }
  >
    <UniversalRulesIndex
      history={Object {}}
      location={
        Object {
          "pathname": "universal-rules",
        }
      }
      match={
        Object {
          "isExact": true,
          "params": Object {},
          "path": "",
          "url": "",
        }
      }
    />
  </ContextProvider>
</ContextProvider>
`;
