// Jest Snapshot v1, https://goo.gl/fbAQLP

exports[`Activity Form component should render Activities 1`] = `
<div
  className="activity-form-container"
>
  <div
    className="close-button-container"
  >
    <button
      className="quill-button fun primary contained"
      id="activity-close-button"
      onClick={[MockFunction]}
      type="submit"
    >
      x
    </button>
  </div>
  <form
    className="activity-form"
  >
    <Input
      autoComplete="on"
      className="title-input"
      handleChange={[Function]}
      label="Title"
      value="Could Capybaras Create Chaos?"
    />
    <DropdownInput
      className="flag-input"
      handleChange={[Function]}
      isSearchable={true}
      label="Development Stage"
      options={
        Array [
          Object {
            "label": "draft",
            "value": "draft",
          },
          Object {
            "label": "beta",
            "value": "beta",
          },
          Object {
            "label": "production",
            "value": "production",
          },
          Object {
            "label": "archived",
            "value": "archived",
          },
        ]
      }
      value={
        Object {
          "label": "beta",
          "value": "beta",
        }
      }
    />
    <TextEditor
      ContentState={[Function]}
      EditorState={[Function]}
      handleTextChange={[Function]}
      key="passage-description"
      text="..."
    />
    <Input
      autoComplete="on"
      className="because-input"
      handleChange={[Function]}
      label="Because Stem"
      value="1"
    />
    <Input
      autoComplete="on"
      className="but-input"
      handleChange={[Function]}
      label="But Stem"
      value="2"
    />
    <Input
      autoComplete="on"
      className="so-input"
      handleChange={[Function]}
      label="So Stem"
      value="3"
    />
    <div
      className="submit-button-container"
    >
      <button
        className="quill-button fun primary contained"
        id="activity-submit-button"
        onClick={[Function]}
        type="submit"
      >
        Submit
      </button>
      <button
        className="quill-button fun primary contained"
        id="activity-cancel-button"
        onClick={[MockFunction]}
        type="submit"
      >
        Cancel
      </button>
    </div>
  </form>
</div>
`;
