// Jest Snapshot v1, https://goo.gl/fbAQLP

exports[`RegexRulesIndex component should render RegexRulesIndex 1`] = `
<div
  className="rules-container"
>
  <section
    className="rules-based-section"
  >
    <button
      className="quill-button fun primary contained add-rule-button"
      type="submit"
    >
      <Link
        to={
          Object {
            "pathname": "/activities/1/regex-rules/new",
            "state": Object {
              "ruleType": "rules-based-1",
            },
          }
        }
      >
        Add Sentence Structure Regex Rule
      </Link>
    </button>
    <DataTable
      averageFontWidth={7}
      className="rules-table regex-index-table"
      defaultSortAttribute="name"
      headers={
        Array [
          Object {
            "attribute": "priority",
            "name": "Priority",
            "width": "50px",
          },
          Object {
            "attribute": "name",
            "name": "Rule Name",
            "width": "300px",
          },
          Object {
            "attribute": "required_sequence",
            "name": "Required Sequence",
            "width": "250px",
          },
          Object {
            "attribute": "incorrect_sequence",
            "name": "Incorrect Sequence",
            "width": "250px",
          },
          Object {
            "attribute": "because_prompt",
            "name": "Because",
            "width": "50px",
          },
          Object {
            "attribute": "but_prompt",
            "name": "But",
            "width": "50px",
          },
          Object {
            "attribute": "so_prompt",
            "name": "So",
            "width": "50px",
          },
          Object {
            "attribute": "view",
            "name": "",
            "width": "50px",
          },
        ]
      }
      rows={
        Array [
          Object {
            "because_prompt": undefined,
            "but_prompt": undefined,
            "id": "1-1",
            "incorrect_sequence": <div
              className="regex-text-container"
            />,
            "name": "rule_1",
            "priority": undefined,
            "required_sequence": <div
              className="regex-text-container"
            />,
            "so_prompt": undefined,
            "view": <ForwardRef
              to="/activities/1/regex-rules/1"
            >
              View
            </ForwardRef>,
          },
          Object {
            "because_prompt": undefined,
            "but_prompt": undefined,
            "id": "1-2",
            "incorrect_sequence": <div
              className="regex-text-container"
            />,
            "name": "rule_2",
            "priority": undefined,
            "required_sequence": <div
              className="regex-text-container"
            />,
            "so_prompt": undefined,
            "view": <ForwardRef
              to="/activities/1/regex-rules/2"
            >
              View
            </ForwardRef>,
          },
        ]
      }
    />
  </section>
  <section
    className="rules-based-section"
  >
    <button
      className="quill-button fun primary contained add-rule-button"
      type="submit"
    >
      <Link
        to={
          Object {
            "pathname": "/activities/1/regex-rules/new",
            "state": Object {
              "ruleType": "rules-based-2",
            },
          }
        }
      >
        Add Post-Topic Regex Rule
      </Link>
    </button>
    <DataTable
      averageFontWidth={7}
      className="rules-table regex-index-table"
      defaultSortAttribute="name"
      headers={
        Array [
          Object {
            "attribute": "priority",
            "name": "Priority",
            "width": "50px",
          },
          Object {
            "attribute": "name",
            "name": "Rule Name",
            "width": "300px",
          },
          Object {
            "attribute": "required_sequence",
            "name": "Required Sequence",
            "width": "250px",
          },
          Object {
            "attribute": "incorrect_sequence",
            "name": "Incorrect Sequence",
            "width": "250px",
          },
          Object {
            "attribute": "because_prompt",
            "name": "Because",
            "width": "50px",
          },
          Object {
            "attribute": "but_prompt",
            "name": "But",
            "width": "50px",
          },
          Object {
            "attribute": "so_prompt",
            "name": "So",
            "width": "50px",
          },
          Object {
            "attribute": "view",
            "name": "",
            "width": "50px",
          },
        ]
      }
      rows={
        Array [
          Object {
            "because_prompt": undefined,
            "but_prompt": undefined,
            "id": "1-1",
            "incorrect_sequence": <div
              className="regex-text-container"
            />,
            "name": "rule_1",
            "priority": undefined,
            "required_sequence": <div
              className="regex-text-container"
            />,
            "so_prompt": undefined,
            "view": <ForwardRef
              to="/activities/1/regex-rules/1"
            >
              View
            </ForwardRef>,
          },
          Object {
            "because_prompt": undefined,
            "but_prompt": undefined,
            "id": "1-2",
            "incorrect_sequence": <div
              className="regex-text-container"
            />,
            "name": "rule_2",
            "priority": undefined,
            "required_sequence": <div
              className="regex-text-container"
            />,
            "so_prompt": undefined,
            "view": <ForwardRef
              to="/activities/1/regex-rules/2"
            >
              View
            </ForwardRef>,
          },
        ]
      }
    />
  </section>
  <section
    className="rules-based-section"
  >
    <button
      className="quill-button fun primary contained add-rule-button"
      type="submit"
    >
      <Link
        to={
          Object {
            "pathname": "/activities/1/regex-rules/new",
            "state": Object {
              "ruleType": "rules-based-3",
            },
          }
        }
      >
        Add Typo Regex Rule
      </Link>
    </button>
    <DataTable
      averageFontWidth={7}
      className="rules-table regex-index-table"
      defaultSortAttribute="name"
      headers={
        Array [
          Object {
            "attribute": "priority",
            "name": "Priority",
            "width": "50px",
          },
          Object {
            "attribute": "name",
            "name": "Rule Name",
            "width": "300px",
          },
          Object {
            "attribute": "required_sequence",
            "name": "Required Sequence",
            "width": "250px",
          },
          Object {
            "attribute": "incorrect_sequence",
            "name": "Incorrect Sequence",
            "width": "250px",
          },
          Object {
            "attribute": "because_prompt",
            "name": "Because",
            "width": "50px",
          },
          Object {
            "attribute": "but_prompt",
            "name": "But",
            "width": "50px",
          },
          Object {
            "attribute": "so_prompt",
            "name": "So",
            "width": "50px",
          },
          Object {
            "attribute": "view",
            "name": "",
            "width": "50px",
          },
        ]
      }
      rows={
        Array [
          Object {
            "because_prompt": undefined,
            "but_prompt": undefined,
            "id": "1-1",
            "incorrect_sequence": <div
              className="regex-text-container"
            />,
            "name": "rule_1",
            "priority": undefined,
            "required_sequence": <div
              className="regex-text-container"
            />,
            "so_prompt": undefined,
            "view": <ForwardRef
              to="/activities/1/regex-rules/1"
            >
              View
            </ForwardRef>,
          },
          Object {
            "because_prompt": undefined,
            "but_prompt": undefined,
            "id": "1-2",
            "incorrect_sequence": <div
              className="regex-text-container"
            />,
            "name": "rule_2",
            "priority": undefined,
            "required_sequence": <div
              className="regex-text-container"
            />,
            "so_prompt": undefined,
            "view": <ForwardRef
              to="/activities/1/regex-rules/2"
            >
              View
            </ForwardRef>,
          },
        ]
      }
    />
  </section>
</div>
`;
