// Jest Snapshot v1, https://goo.gl/fbAQLP

exports[`ReviewActivities component should render 1`] = `
<div
  className="assignment-section review-activities-section"
>
  <Snackbar
    text="The due date must be after the publish date."
    visible={false}
  />
  <div
    className="assignment-section-header"
  >
    <span
      className="assignment-section-number"
    >
      2
    </span>
    <span
      className="assignment-section-name"
    >
      Review activities and pick due dates
    </span>
  </div>
  <div
    className="assignment-section-body"
  >
    <DataTable
      averageFontWidth={7}
      headers={
        Array [
          Object {
            "attribute": "tool",
            "name": "Tool",
            "rowSectionClassName": "tooltip-section review-activities-data-table-section",
            "width": "30px",
          },
          Object {
            "attribute": "activity",
            "name": "Activity",
            "rowSectionClassName": "tooltip-section review-activities-data-table-section",
            "width": "322px",
          },
          Object {
            "attribute": "concept",
            "name": "Concept",
            "width": "166px",
          },
          Object {
            "attribute": "publishDatePicker",
            "headerClassName": "publish-date-header-container",
            "name": <Tooltip
              isTabbable={true}
              tooltipText="When you schedule an activity, it is displayed in your dashboard, but it is hidden from a student until the publish date."
              tooltipTriggerText={
                <span
                  className="publish-date-header"
                >
                  Publish date
                </span>
              }
            />,
            "rowSectionClassName": "datetime-picker",
            "width": "123px",
          },
          Object {
            "attribute": "dueDatePicker",
            "headerClassName": "due-date-header-container",
            "name": <Tooltip
              isTabbable={true}
              tooltipText="Display a due date to students for this activity. Students can still access an activity after the due date."
              tooltipTriggerText={
                <span
                  className="due-date-header"
                >
                  Due date 
                  <span>
                    (optional)
                  </span>
                </span>
              }
            />,
            "rowSectionClassName": "datetime-picker",
            "width": "123px",
          },
          Object {
            "attribute": "previouslyAssigned",
            "name": "Previously assigned",
            "rowSectionClassName": "tooltip-section review-activities-data-table-section",
            "width": "60px",
          },
        ]
      }
      removeRow={[Function]}
      rows={
        Array [
          Object {
            "activity": <Tooltip
              isTabbable={true}
              tooltipText="<h5>Sentence Structure Diagnostic</h5><br/><p>Tool: Quill Diagnostic</p><br/><p>Diagnostic</p><br/><p>Assess students on eight areas of sentence structure. Quill then recommends up to eight weeks of instruction based on the results.</p>"
              tooltipTriggerText="Sentence Structure Diagnostic"
              tooltipTriggerTextClass="clipped-content"
              tooltipTriggerTextStyle={
                Object {
                  "maxWidth": "322px",
                }
              }
            />,
            "className": "",
            "concept": "Diagnostics",
            "dueDatePicker": <DatePickerContainer
              closeFunction={[Function]}
              defaultText="No due date"
              handleClickCopyToAll={[Function]}
              initialValue={"2019-09-25T04:00:00.000Z"}
              showCopyToAll={true}
            />,
            "id": 413,
            "previouslyAssigned": <PreviouslyAssignedTooltip />,
            "publishDatePicker": <DatePickerContainer
              closeFunction={[Function]}
              defaultText="Right away"
              handleClickCopyToAll={[Function]}
              initialValue={"2019-08-25T04:00:00.000Z"}
              showCopyToAll={true}
            />,
            "removable": true,
            "tool": <Tooltip
              isTabbable={true}
              tooltipText="<h5>Quill Diagnostic</h5><br/><p>Identify Learning Gaps</p>"
              tooltipTriggerText={
                <img
                  alt="Magnifying glass representing Quill Diagnostic"
                  src="undefined/images/icons/diagnostic-forest-green.svg"
                />
              }
            />,
          },
          Object {
            "activity": <Tooltip
              isTabbable={true}
              tooltipText="<h5>Lesson 1: Using In, At, and On to Show Time</h5><br/><p>Tool: Quill Lessons</p><br/><p>1st Grade CCSS</p><br/><p></p>"
              tooltipTriggerText="Lesson 1: Using In, At, and On to Show Time"
              tooltipTriggerTextClass="clipped-content"
              tooltipTriggerTextStyle={
                Object {
                  "maxWidth": "322px",
                }
              }
            />,
            "className": "",
            "concept": "Prepositions",
            "dueDatePicker": <DatePickerContainer
              closeFunction={[Function]}
              defaultText="No due date"
              handleClickCopyToAll={[Function]}
              initialValue={null}
              showCopyToAll={false}
            />,
            "id": 654,
            "previouslyAssigned": <PreviouslyAssignedTooltip />,
            "publishDatePicker": <DatePickerContainer
              closeFunction={[Function]}
              defaultText="Right away"
              handleClickCopyToAll={[Function]}
              initialValue={null}
              showCopyToAll={false}
            />,
            "removable": true,
            "tool": <Tooltip
              isTabbable={true}
              tooltipText="<h5>Quill Lessons</h5><br/><p>Lead Group Lessons</p>"
              tooltipTriggerText={
                <img
                  alt="Apple representing Quill Lessons"
                  src="undefined/images/icons/lessons-forest-green.svg"
                />
              }
            />,
          },
        ]
      }
      showRemoveIcon={true}
    />
  </div>
</div>
`;
