// Jest Snapshot v1, https://goo.gl/fbAQLP

exports[`The focusPointsContainer should render 1`] = `
<BrowserRouter>
  <Router
    history={
      Object {
        "action": "POP",
        "block": [Function],
        "createHref": [Function],
        "go": [Function],
        "goBack": [Function],
        "goForward": [Function],
        "length": 1,
        "listen": [Function],
        "location": Object {
          "hash": "",
          "pathname": "/",
          "search": "",
          "state": undefined,
        },
        "push": [Function],
        "replace": [Function],
      }
    }
  >
    <FocusPointsContainer
      match={
        Object {
          "params": Object {
            "questionID": 100,
          },
        }
      }
      questions={
        Object {
          "data": Object {
            "100": Object {
              "conceptID": "-KLRyCNQCR24LUUEXA6F",
              "cues": Array [
                "and",
                "or",
                "because",
                "but",
                "so",
              ],
              "focusPoints": Object {
                "-Kh82k5DfAAQQKljJmyU": Object {
                  "conceptResults": Object {
                    "xbWqNtZPs6yKbQQk5pKXUg": Object {
                      "correct": true,
                      "name": "Verbs | Active and Passive Voice | Passive Voice",
                    },
                  },
                  "feedback": "Who flew around the world.",
                  "key": "-Kh82k5DfAAQQKljJmyU",
                  "order": 1,
                  "text": "Anne Lindbergh",
                },
                "-Kh82qvvcNKb85yZPHOs": Object {
                  "conceptResults": Object {
                    "E3pyzLXodTuT1vGrLbnXtQ": Object {
                      "correct": true,
                      "name": "Adjectives & Adverbs | Adjectives to Adverbs | Adjectives to Adverbs: Consonant Ending",
                    },
                  },
                  "feedback": "Who did she fly around the world with?",
                  "key": "-Kh82qvvcNKb85yZPHOs",
                  "order": 2,
                  "text": "husband",
                },
                "-Kh82vHrCCP4CG2eSSaC": Object {
                  "conceptResults": Object {
                    "xbWqNtZPs6yKbQQk5pKXUg": Object {
                      "correct": true,
                      "name": "Verbs | Active and Passive Voice | Passive Voice",
                    },
                  },
                  "feedback": "What could she do instead of fly?",
                  "key": "-Kh82vHrCCP4CG2eSSaC",
                  "order": 3,
                  "text": "home",
                },
              },
              "prompt": "<p>Anne Lindbergh could stay home.&nbsp;</p>
<p>She could fly around the world with her husband.</p>",
            },
          },
        }
      }
    >
      <div>
        <div
          className="has-top-margin"
        >
          <h1
            className="title is-3"
            style={
              Object {
                "display": "inline-block",
              }
            }
          >
            Focus Points
          </h1>
          <a
            className="button is-outlined is-primary"
            href="#undefined/new"
            style={
              Object {
                "float": "right",
              }
            }
          >
            Add Focus Point
          </a>
        </div>
        <SortableList
          data={
            Array [
              <div
                className="card is-fullwidth has-bottom-margin"
              >
                <header
                  className="card-header"
                >
                  <p
                    className="card-header-title"
                    style={
                      Object {
                        "display": "inline-block",
                      }
                    }
                  >
                    <span
                      className="tag is-medium is-light"
                      style={
                        Object {
                          "margin": "3px",
                        }
                      }
                    >
                      Anne Lindbergh
                    </span>
                  </p>
                  <p
                    className="card-header-icon"
                  >
                    1
                  </p>
                </header>
                <div
                  className="card-content"
                >
                  <p
                    className="control title is-4"
                    dangerouslySetInnerHTML={
                      Object {
                        "__html": "<strong>Feedback</strong>: Who flew around the world.",
                      }
                    }
                  />
                  <p
                    className="control sub-title is-6"
                  >
                    Verbs | Active and Passive Voice | Passive Voice
                    <span
                      className="tag is-small is-success"
                      style={
                        Object {
                          "marginLeft": 5,
                        }
                      }
                    >
                      Correct
                    </span>
                    <span
                      className="tag is-small is-warning"
                      onClick={[Function]}
                      style={
                        Object {
                          "cursor": "pointer",
                          "marginLeft": 5,
                        }
                      }
                    >
                      Delete
                    </span>
                  </p>
                </div>
                <footer
                  className="card-footer"
                >
                  <ForwardRef
                    className="card-footer-item"
                    to="undefined/-Kh82k5DfAAQQKljJmyU/edit"
                  >
                    Edit
                  </ForwardRef>
                  <a
                    className="card-footer-item"
                    onClick={[Function]}
                  >
                    Delete
                  </a>
                </footer>
              </div>,
              <div
                className="card is-fullwidth has-bottom-margin"
              >
                <header
                  className="card-header"
                >
                  <p
                    className="card-header-title"
                    style={
                      Object {
                        "display": "inline-block",
                      }
                    }
                  >
                    <span
                      className="tag is-medium is-light"
                      style={
                        Object {
                          "margin": "3px",
                        }
                      }
                    >
                      husband
                    </span>
                  </p>
                  <p
                    className="card-header-icon"
                  >
                    2
                  </p>
                </header>
                <div
                  className="card-content"
                >
                  <p
                    className="control title is-4"
                    dangerouslySetInnerHTML={
                      Object {
                        "__html": "<strong>Feedback</strong>: Who did she fly around the world with?",
                      }
                    }
                  />
                  <p
                    className="control sub-title is-6"
                  >
                    Adjectives & Adverbs | Adjectives to Adverbs | Adjectives to Adverbs: Consonant Ending
                    <span
                      className="tag is-small is-success"
                      style={
                        Object {
                          "marginLeft": 5,
                        }
                      }
                    >
                      Correct
                    </span>
                    <span
                      className="tag is-small is-warning"
                      onClick={[Function]}
                      style={
                        Object {
                          "cursor": "pointer",
                          "marginLeft": 5,
                        }
                      }
                    >
                      Delete
                    </span>
                  </p>
                </div>
                <footer
                  className="card-footer"
                >
                  <ForwardRef
                    className="card-footer-item"
                    to="undefined/-Kh82qvvcNKb85yZPHOs/edit"
                  >
                    Edit
                  </ForwardRef>
                  <a
                    className="card-footer-item"
                    onClick={[Function]}
                  >
                    Delete
                  </a>
                </footer>
              </div>,
              <div
                className="card is-fullwidth has-bottom-margin"
              >
                <header
                  className="card-header"
                >
                  <p
                    className="card-header-title"
                    style={
                      Object {
                        "display": "inline-block",
                      }
                    }
                  >
                    <span
                      className="tag is-medium is-light"
                      style={
                        Object {
                          "margin": "3px",
                        }
                      }
                    >
                      home
                    </span>
                  </p>
                  <p
                    className="card-header-icon"
                  >
                    3
                  </p>
                </header>
                <div
                  className="card-content"
                >
                  <p
                    className="control title is-4"
                    dangerouslySetInnerHTML={
                      Object {
                        "__html": "<strong>Feedback</strong>: What could she do instead of fly?",
                      }
                    }
                  />
                  <p
                    className="control sub-title is-6"
                  >
                    Verbs | Active and Passive Voice | Passive Voice
                    <span
                      className="tag is-small is-success"
                      style={
                        Object {
                          "marginLeft": 5,
                        }
                      }
                    >
                      Correct
                    </span>
                    <span
                      className="tag is-small is-warning"
                      onClick={[Function]}
                      style={
                        Object {
                          "cursor": "pointer",
                          "marginLeft": 5,
                        }
                      }
                    >
                      Delete
                    </span>
                  </p>
                </div>
                <footer
                  className="card-footer"
                >
                  <ForwardRef
                    className="card-footer-item"
                    to="undefined/-Kh82vHrCCP4CG2eSSaC/edit"
                  >
                    Edit
                  </ForwardRef>
                  <a
                    className="card-footer-item"
                    onClick={[Function]}
                  >
                    Delete
                  </a>
                </footer>
              </div>,
            ]
          }
          key="3"
          sortCallback={[Function]}
        >
          <sortableList
            axis="y"
            disableAutoscroll={false}
            distance={2}
            getHelperDimensions={[Function]}
            hideSortableGhost={true}
            items={
              Array [
                <div
                  className="card is-fullwidth has-bottom-margin"
                >
                  <header
                    className="card-header"
                  >
                    <p
                      className="card-header-title"
                      style={
                        Object {
                          "display": "inline-block",
                        }
                      }
                    >
                      <span
                        className="tag is-medium is-light"
                        style={
                          Object {
                            "margin": "3px",
                          }
                        }
                      >
                        Anne Lindbergh
                      </span>
                    </p>
                    <p
                      className="card-header-icon"
                    >
                      1
                    </p>
                  </header>
                  <div
                    className="card-content"
                  >
                    <p
                      className="control title is-4"
                      dangerouslySetInnerHTML={
                        Object {
                          "__html": "<strong>Feedback</strong>: Who flew around the world.",
                        }
                      }
                    />
                    <p
                      className="control sub-title is-6"
                    >
                      Verbs | Active and Passive Voice | Passive Voice
                      <span
                        className="tag is-small is-success"
                        style={
                          Object {
                            "marginLeft": 5,
                          }
                        }
                      >
                        Correct
                      </span>
                      <span
                        className="tag is-small is-warning"
                        onClick={[Function]}
                        style={
                          Object {
                            "cursor": "pointer",
                            "marginLeft": 5,
                          }
                        }
                      >
                        Delete
                      </span>
                    </p>
                  </div>
                  <footer
                    className="card-footer"
                  >
                    <ForwardRef
                      className="card-footer-item"
                      to="undefined/-Kh82k5DfAAQQKljJmyU/edit"
                    >
                      Edit
                    </ForwardRef>
                    <a
                      className="card-footer-item"
                      onClick={[Function]}
                    >
                      Delete
                    </a>
                  </footer>
                </div>,
                <div
                  className="card is-fullwidth has-bottom-margin"
                >
                  <header
                    className="card-header"
                  >
                    <p
                      className="card-header-title"
                      style={
                        Object {
                          "display": "inline-block",
                        }
                      }
                    >
                      <span
                        className="tag is-medium is-light"
                        style={
                          Object {
                            "margin": "3px",
                          }
                        }
                      >
                        husband
                      </span>
                    </p>
                    <p
                      className="card-header-icon"
                    >
                      2
                    </p>
                  </header>
                  <div
                    className="card-content"
                  >
                    <p
                      className="control title is-4"
                      dangerouslySetInnerHTML={
                        Object {
                          "__html": "<strong>Feedback</strong>: Who did she fly around the world with?",
                        }
                      }
                    />
                    <p
                      className="control sub-title is-6"
                    >
                      Adjectives & Adverbs | Adjectives to Adverbs | Adjectives to Adverbs: Consonant Ending
                      <span
                        className="tag is-small is-success"
                        style={
                          Object {
                            "marginLeft": 5,
                          }
                        }
                      >
                        Correct
                      </span>
                      <span
                        className="tag is-small is-warning"
                        onClick={[Function]}
                        style={
                          Object {
                            "cursor": "pointer",
                            "marginLeft": 5,
                          }
                        }
                      >
                        Delete
                      </span>
                    </p>
                  </div>
                  <footer
                    className="card-footer"
                  >
                    <ForwardRef
                      className="card-footer-item"
                      to="undefined/-Kh82qvvcNKb85yZPHOs/edit"
                    >
                      Edit
                    </ForwardRef>
                    <a
                      className="card-footer-item"
                      onClick={[Function]}
                    >
                      Delete
                    </a>
                  </footer>
                </div>,
                <div
                  className="card is-fullwidth has-bottom-margin"
                >
                  <header
                    className="card-header"
                  >
                    <p
                      className="card-header-title"
                      style={
                        Object {
                          "display": "inline-block",
                        }
                      }
                    >
                      <span
                        className="tag is-medium is-light"
                        style={
                          Object {
                            "margin": "3px",
                          }
                        }
                      >
                        home
                      </span>
                    </p>
                    <p
                      className="card-header-icon"
                    >
                      3
                    </p>
                  </header>
                  <div
                    className="card-content"
                  >
                    <p
                      className="control title is-4"
                      dangerouslySetInnerHTML={
                        Object {
                          "__html": "<strong>Feedback</strong>: What could she do instead of fly?",
                        }
                      }
                    />
                    <p
                      className="control sub-title is-6"
                    >
                      Verbs | Active and Passive Voice | Passive Voice
                      <span
                        className="tag is-small is-success"
                        style={
                          Object {
                            "marginLeft": 5,
                          }
                        }
                      >
                        Correct
                      </span>
                      <span
                        className="tag is-small is-warning"
                        onClick={[Function]}
                        style={
                          Object {
                            "cursor": "pointer",
                            "marginLeft": 5,
                          }
                        }
                      >
                        Delete
                      </span>
                    </p>
                  </div>
                  <footer
                    className="card-footer"
                  >
                    <ForwardRef
                      className="card-footer-item"
                      to="undefined/-Kh82vHrCCP4CG2eSSaC/edit"
                    >
                      Edit
                    </ForwardRef>
                    <a
                      className="card-footer-item"
                      onClick={[Function]}
                    >
                      Delete
                    </a>
                  </footer>
                </div>,
              ]
            }
            keyCodes={
              Object {
                "cancel": Array [
                  27,
                ],
                "down": Array [
                  40,
                  39,
                ],
                "drop": Array [
                  32,
                ],
                "lift": Array [
                  32,
                ],
                "up": Array [
                  38,
                  37,
                ],
              }
            }
            lockOffset="50%"
            lockToContainerEdges={false}
            onSortEnd={[Function]}
            onSortMove={[Function]}
            pressDelay={0}
            pressThreshold={5}
            shouldCancelStart={[Function]}
            transitionDuration={300}
            useWindowAsScrollContainer={false}
          >
            <Component
              items={
                Array [
                  <div
                    className="card is-fullwidth has-bottom-margin"
                  >
                    <header
                      className="card-header"
                    >
                      <p
                        className="card-header-title"
                        style={
                          Object {
                            "display": "inline-block",
                          }
                        }
                      >
                        <span
                          className="tag is-medium is-light"
                          style={
                            Object {
                              "margin": "3px",
                            }
                          }
                        >
                          Anne Lindbergh
                        </span>
                      </p>
                      <p
                        className="card-header-icon"
                      >
                        1
                      </p>
                    </header>
                    <div
                      className="card-content"
                    >
                      <p
                        className="control title is-4"
                        dangerouslySetInnerHTML={
                          Object {
                            "__html": "<strong>Feedback</strong>: Who flew around the world.",
                          }
                        }
                      />
                      <p
                        className="control sub-title is-6"
                      >
                        Verbs | Active and Passive Voice | Passive Voice
                        <span
                          className="tag is-small is-success"
                          style={
                            Object {
                              "marginLeft": 5,
                            }
                          }
                        >
                          Correct
                        </span>
                        <span
                          className="tag is-small is-warning"
                          onClick={[Function]}
                          style={
                            Object {
                              "cursor": "pointer",
                              "marginLeft": 5,
                            }
                          }
                        >
                          Delete
                        </span>
                      </p>
                    </div>
                    <footer
                      className="card-footer"
                    >
                      <ForwardRef
                        className="card-footer-item"
                        to="undefined/-Kh82k5DfAAQQKljJmyU/edit"
                      >
                        Edit
                      </ForwardRef>
                      <a
                        className="card-footer-item"
                        onClick={[Function]}
                      >
                        Delete
                      </a>
                    </footer>
                  </div>,
                  <div
                    className="card is-fullwidth has-bottom-margin"
                  >
                    <header
                      className="card-header"
                    >
                      <p
                        className="card-header-title"
                        style={
                          Object {
                            "display": "inline-block",
                          }
                        }
                      >
                        <span
                          className="tag is-medium is-light"
                          style={
                            Object {
                              "margin": "3px",
                            }
                          }
                        >
                          husband
                        </span>
                      </p>
                      <p
                        className="card-header-icon"
                      >
                        2
                      </p>
                    </header>
                    <div
                      className="card-content"
                    >
                      <p
                        className="control title is-4"
                        dangerouslySetInnerHTML={
                          Object {
                            "__html": "<strong>Feedback</strong>: Who did she fly around the world with?",
                          }
                        }
                      />
                      <p
                        className="control sub-title is-6"
                      >
                        Adjectives & Adverbs | Adjectives to Adverbs | Adjectives to Adverbs: Consonant Ending
                        <span
                          className="tag is-small is-success"
                          style={
                            Object {
                              "marginLeft": 5,
                            }
                          }
                        >
                          Correct
                        </span>
                        <span
                          className="tag is-small is-warning"
                          onClick={[Function]}
                          style={
                            Object {
                              "cursor": "pointer",
                              "marginLeft": 5,
                            }
                          }
                        >
                          Delete
                        </span>
                      </p>
                    </div>
                    <footer
                      className="card-footer"
                    >
                      <ForwardRef
                        className="card-footer-item"
                        to="undefined/-Kh82qvvcNKb85yZPHOs/edit"
                      >
                        Edit
                      </ForwardRef>
                      <a
                        className="card-footer-item"
                        onClick={[Function]}
                      >
                        Delete
                      </a>
                    </footer>
                  </div>,
                  <div
                    className="card is-fullwidth has-bottom-margin"
                  >
                    <header
                      className="card-header"
                    >
                      <p
                        className="card-header-title"
                        style={
                          Object {
                            "display": "inline-block",
                          }
                        }
                      >
                        <span
                          className="tag is-medium is-light"
                          style={
                            Object {
                              "margin": "3px",
                            }
                          }
                        >
                          home
                        </span>
                      </p>
                      <p
                        className="card-header-icon"
                      >
                        3
                      </p>
                    </header>
                    <div
                      className="card-content"
                    >
                      <p
                        className="control title is-4"
                        dangerouslySetInnerHTML={
                          Object {
                            "__html": "<strong>Feedback</strong>: What could she do instead of fly?",
                          }
                        }
                      />
                      <p
                        className="control sub-title is-6"
                      >
                        Verbs | Active and Passive Voice | Passive Voice
                        <span
                          className="tag is-small is-success"
                          style={
                            Object {
                              "marginLeft": 5,
                            }
                          }
                        >
                          Correct
                        </span>
                        <span
                          className="tag is-small is-warning"
                          onClick={[Function]}
                          style={
                            Object {
                              "cursor": "pointer",
                              "marginLeft": 5,
                            }
                          }
                        >
                          Delete
                        </span>
                      </p>
                    </div>
                    <footer
                      className="card-footer"
                    >
                      <ForwardRef
                        className="card-footer-item"
                        to="undefined/-Kh82vHrCCP4CG2eSSaC/edit"
                      >
                        Edit
                      </ForwardRef>
                      <a
                        className="card-footer-item"
                        onClick={[Function]}
                      >
                        Delete
                      </a>
                    </footer>
                  </div>,
                ]
              }
            >
              <div
                className="list sortable-list"
              >
                <sortableElement
                  collection={0}
                  index={0}
                  key="0"
                  value={
                    <div
                      className="card is-fullwidth has-bottom-margin"
                    >
                      <header
                        className="card-header"
                      >
                        <p
                          className="card-header-title"
                          style={
                            Object {
                              "display": "inline-block",
                            }
                          }
                        >
                          <span
                            className="tag is-medium is-light"
                            style={
                              Object {
                                "margin": "3px",
                              }
                            }
                          >
                            Anne Lindbergh
                          </span>
                        </p>
                        <p
                          className="card-header-icon"
                        >
                          1
                        </p>
                      </header>
                      <div
                        className="card-content"
                      >
                        <p
                          className="control title is-4"
                          dangerouslySetInnerHTML={
                            Object {
                              "__html": "<strong>Feedback</strong>: Who flew around the world.",
                            }
                          }
                        />
                        <p
                          className="control sub-title is-6"
                        >
                          Verbs | Active and Passive Voice | Passive Voice
                          <span
                            className="tag is-small is-success"
                            style={
                              Object {
                                "marginLeft": 5,
                              }
                            }
                          >
                            Correct
                          </span>
                          <span
                            className="tag is-small is-warning"
                            onClick={[Function]}
                            style={
                              Object {
                                "cursor": "pointer",
                                "marginLeft": 5,
                              }
                            }
                          >
                            Delete
                          </span>
                        </p>
                      </div>
                      <footer
                        className="card-footer"
                      >
                        <ForwardRef
                          className="card-footer-item"
                          to="undefined/-Kh82k5DfAAQQKljJmyU/edit"
                        >
                          Edit
                        </ForwardRef>
                        <a
                          className="card-footer-item"
                          onClick={[Function]}
                        >
                          Delete
                        </a>
                      </footer>
                    </div>
                  }
                >
                  <Component
                    value={
                      <div
                        className="card is-fullwidth has-bottom-margin"
                      >
                        <header
                          className="card-header"
                        >
                          <p
                            className="card-header-title"
                            style={
                              Object {
                                "display": "inline-block",
                              }
                            }
                          >
                            <span
                              className="tag is-medium is-light"
                              style={
                                Object {
                                  "margin": "3px",
                                }
                              }
                            >
                              Anne Lindbergh
                            </span>
                          </p>
                          <p
                            className="card-header-icon"
                          >
                            1
                          </p>
                        </header>
                        <div
                          className="card-content"
                        >
                          <p
                            className="control title is-4"
                            dangerouslySetInnerHTML={
                              Object {
                                "__html": "<strong>Feedback</strong>: Who flew around the world.",
                              }
                            }
                          />
                          <p
                            className="control sub-title is-6"
                          >
                            Verbs | Active and Passive Voice | Passive Voice
                            <span
                              className="tag is-small is-success"
                              style={
                                Object {
                                  "marginLeft": 5,
                                }
                              }
                            >
                              Correct
                            </span>
                            <span
                              className="tag is-small is-warning"
                              onClick={[Function]}
                              style={
                                Object {
                                  "cursor": "pointer",
                                  "marginLeft": 5,
                                }
                              }
                            >
                              Delete
                            </span>
                          </p>
                        </div>
                        <footer
                          className="card-footer"
                        >
                          <ForwardRef
                            className="card-footer-item"
                            to="undefined/-Kh82k5DfAAQQKljJmyU/edit"
                          >
                            Edit
                          </ForwardRef>
                          <a
                            className="card-footer-item"
                            onClick={[Function]}
                          >
                            Delete
                          </a>
                        </footer>
                      </div>
                    }
                  >
                    <div
                      className="list-item"
                    >
                      <div
                        className="card is-fullwidth has-bottom-margin"
                        key="-Kh82k5DfAAQQKljJmyU"
                      >
                        <header
                          className="card-header"
                        >
                          <p
                            className="card-header-title"
                            style={
                              Object {
                                "display": "inline-block",
                              }
                            }
                          >
                            <span
                              className="tag is-medium is-light"
                              key="fp0"
                              style={
                                Object {
                                  "margin": "3px",
                                }
                              }
                            >
                              Anne Lindbergh
                            </span>
                          </p>
                          <p
                            className="card-header-icon"
                          >
                            1
                          </p>
                        </header>
                        <div
                          className="card-content"
                        >
                          <p
                            className="control title is-4"
                            dangerouslySetInnerHTML={
                              Object {
                                "__html": "<strong>Feedback</strong>: Who flew around the world.",
                              }
                            }
                          />
                          <p
                            className="control sub-title is-6"
                            key="Verbs | Active and Passive Voice | Passive Voice"
                          >
                            Verbs | Active and Passive Voice | Passive Voice
                            <span
                              className="tag is-small is-success"
                              style={
                                Object {
                                  "marginLeft": 5,
                                }
                              }
                            >
                              Correct
                            </span>
                            <span
                              className="tag is-small is-warning"
                              onClick={[Function]}
                              style={
                                Object {
                                  "cursor": "pointer",
                                  "marginLeft": 5,
                                }
                              }
                            >
                              Delete
                            </span>
                          </p>
                        </div>
                        <footer
                          className="card-footer"
                        >
                          <NavLink
                            className="card-footer-item"
                            to="undefined/-Kh82k5DfAAQQKljJmyU/edit"
                          >
                            <Link
                              aria-current={null}
                              className="card-footer-item"
                              to={
                                Object {
                                  "hash": "",
                                  "pathname": "/undefined/-Kh82k5DfAAQQKljJmyU/edit",
                                  "search": "",
                                  "state": null,
                                }
                              }
                            >
                              <LinkAnchor
                                aria-current={null}
                                className="card-footer-item"
                                href="/undefined/-Kh82k5DfAAQQKljJmyU/edit"
                                navigate={[Function]}
                              >
                                <a
                                  aria-current={null}
                                  className="card-footer-item"
                                  href="/undefined/-Kh82k5DfAAQQKljJmyU/edit"
                                  onClick={[Function]}
                                >
                                  Edit
                                </a>
                              </LinkAnchor>
                            </Link>
                          </NavLink>
                          <a
                            className="card-footer-item"
                            onClick={[Function]}
                          >
                            Delete
                          </a>
                        </footer>
                      </div>
                    </div>
                  </Component>
                </sortableElement>
                <sortableElement
                  collection={0}
                  index={1}
                  key="1"
                  value={
                    <div
                      className="card is-fullwidth has-bottom-margin"
                    >
                      <header
                        className="card-header"
                      >
                        <p
                          className="card-header-title"
                          style={
                            Object {
                              "display": "inline-block",
                            }
                          }
                        >
                          <span
                            className="tag is-medium is-light"
                            style={
                              Object {
                                "margin": "3px",
                              }
                            }
                          >
                            husband
                          </span>
                        </p>
                        <p
                          className="card-header-icon"
                        >
                          2
                        </p>
                      </header>
                      <div
                        className="card-content"
                      >
                        <p
                          className="control title is-4"
                          dangerouslySetInnerHTML={
                            Object {
                              "__html": "<strong>Feedback</strong>: Who did she fly around the world with?",
                            }
                          }
                        />
                        <p
                          className="control sub-title is-6"
                        >
                          Adjectives & Adverbs | Adjectives to Adverbs | Adjectives to Adverbs: Consonant Ending
                          <span
                            className="tag is-small is-success"
                            style={
                              Object {
                                "marginLeft": 5,
                              }
                            }
                          >
                            Correct
                          </span>
                          <span
                            className="tag is-small is-warning"
                            onClick={[Function]}
                            style={
                              Object {
                                "cursor": "pointer",
                                "marginLeft": 5,
                              }
                            }
                          >
                            Delete
                          </span>
                        </p>
                      </div>
                      <footer
                        className="card-footer"
                      >
                        <ForwardRef
                          className="card-footer-item"
                          to="undefined/-Kh82qvvcNKb85yZPHOs/edit"
                        >
                          Edit
                        </ForwardRef>
                        <a
                          className="card-footer-item"
                          onClick={[Function]}
                        >
                          Delete
                        </a>
                      </footer>
                    </div>
                  }
                >
                  <Component
                    value={
                      <div
                        className="card is-fullwidth has-bottom-margin"
                      >
                        <header
                          className="card-header"
                        >
                          <p
                            className="card-header-title"
                            style={
                              Object {
                                "display": "inline-block",
                              }
                            }
                          >
                            <span
                              className="tag is-medium is-light"
                              style={
                                Object {
                                  "margin": "3px",
                                }
                              }
                            >
                              husband
                            </span>
                          </p>
                          <p
                            className="card-header-icon"
                          >
                            2
                          </p>
                        </header>
                        <div
                          className="card-content"
                        >
                          <p
                            className="control title is-4"
                            dangerouslySetInnerHTML={
                              Object {
                                "__html": "<strong>Feedback</strong>: Who did she fly around the world with?",
                              }
                            }
                          />
                          <p
                            className="control sub-title is-6"
                          >
                            Adjectives & Adverbs | Adjectives to Adverbs | Adjectives to Adverbs: Consonant Ending
                            <span
                              className="tag is-small is-success"
                              style={
                                Object {
                                  "marginLeft": 5,
                                }
                              }
                            >
                              Correct
                            </span>
                            <span
                              className="tag is-small is-warning"
                              onClick={[Function]}
                              style={
                                Object {
                                  "cursor": "pointer",
                                  "marginLeft": 5,
                                }
                              }
                            >
                              Delete
                            </span>
                          </p>
                        </div>
                        <footer
                          className="card-footer"
                        >
                          <ForwardRef
                            className="card-footer-item"
                            to="undefined/-Kh82qvvcNKb85yZPHOs/edit"
                          >
                            Edit
                          </ForwardRef>
                          <a
                            className="card-footer-item"
                            onClick={[Function]}
                          >
                            Delete
                          </a>
                        </footer>
                      </div>
                    }
                  >
                    <div
                      className="list-item"
                    >
                      <div
                        className="card is-fullwidth has-bottom-margin"
                        key="-Kh82qvvcNKb85yZPHOs"
                      >
                        <header
                          className="card-header"
                        >
                          <p
                            className="card-header-title"
                            style={
                              Object {
                                "display": "inline-block",
                              }
                            }
                          >
                            <span
                              className="tag is-medium is-light"
                              key="fp0"
                              style={
                                Object {
                                  "margin": "3px",
                                }
                              }
                            >
                              husband
                            </span>
                          </p>
                          <p
                            className="card-header-icon"
                          >
                            2
                          </p>
                        </header>
                        <div
                          className="card-content"
                        >
                          <p
                            className="control title is-4"
                            dangerouslySetInnerHTML={
                              Object {
                                "__html": "<strong>Feedback</strong>: Who did she fly around the world with?",
                              }
                            }
                          />
                          <p
                            className="control sub-title is-6"
                            key="Adjectives & Adverbs | Adjectives to Adverbs | Adjectives to Adverbs: Consonant Ending"
                          >
                            Adjectives & Adverbs | Adjectives to Adverbs | Adjectives to Adverbs: Consonant Ending
                            <span
                              className="tag is-small is-success"
                              style={
                                Object {
                                  "marginLeft": 5,
                                }
                              }
                            >
                              Correct
                            </span>
                            <span
                              className="tag is-small is-warning"
                              onClick={[Function]}
                              style={
                                Object {
                                  "cursor": "pointer",
                                  "marginLeft": 5,
                                }
                              }
                            >
                              Delete
                            </span>
                          </p>
                        </div>
                        <footer
                          className="card-footer"
                        >
                          <NavLink
                            className="card-footer-item"
                            to="undefined/-Kh82qvvcNKb85yZPHOs/edit"
                          >
                            <Link
                              aria-current={null}
                              className="card-footer-item"
                              to={
                                Object {
                                  "hash": "",
                                  "pathname": "/undefined/-Kh82qvvcNKb85yZPHOs/edit",
                                  "search": "",
                                  "state": null,
                                }
                              }
                            >
                              <LinkAnchor
                                aria-current={null}
                                className="card-footer-item"
                                href="/undefined/-Kh82qvvcNKb85yZPHOs/edit"
                                navigate={[Function]}
                              >
                                <a
                                  aria-current={null}
                                  className="card-footer-item"
                                  href="/undefined/-Kh82qvvcNKb85yZPHOs/edit"
                                  onClick={[Function]}
                                >
                                  Edit
                                </a>
                              </LinkAnchor>
                            </Link>
                          </NavLink>
                          <a
                            className="card-footer-item"
                            onClick={[Function]}
                          >
                            Delete
                          </a>
                        </footer>
                      </div>
                    </div>
                  </Component>
                </sortableElement>
                <sortableElement
                  collection={0}
                  index={2}
                  key="2"
                  value={
                    <div
                      className="card is-fullwidth has-bottom-margin"
                    >
                      <header
                        className="card-header"
                      >
                        <p
                          className="card-header-title"
                          style={
                            Object {
                              "display": "inline-block",
                            }
                          }
                        >
                          <span
                            className="tag is-medium is-light"
                            style={
                              Object {
                                "margin": "3px",
                              }
                            }
                          >
                            home
                          </span>
                        </p>
                        <p
                          className="card-header-icon"
                        >
                          3
                        </p>
                      </header>
                      <div
                        className="card-content"
                      >
                        <p
                          className="control title is-4"
                          dangerouslySetInnerHTML={
                            Object {
                              "__html": "<strong>Feedback</strong>: What could she do instead of fly?",
                            }
                          }
                        />
                        <p
                          className="control sub-title is-6"
                        >
                          Verbs | Active and Passive Voice | Passive Voice
                          <span
                            className="tag is-small is-success"
                            style={
                              Object {
                                "marginLeft": 5,
                              }
                            }
                          >
                            Correct
                          </span>
                          <span
                            className="tag is-small is-warning"
                            onClick={[Function]}
                            style={
                              Object {
                                "cursor": "pointer",
                                "marginLeft": 5,
                              }
                            }
                          >
                            Delete
                          </span>
                        </p>
                      </div>
                      <footer
                        className="card-footer"
                      >
                        <ForwardRef
                          className="card-footer-item"
                          to="undefined/-Kh82vHrCCP4CG2eSSaC/edit"
                        >
                          Edit
                        </ForwardRef>
                        <a
                          className="card-footer-item"
                          onClick={[Function]}
                        >
                          Delete
                        </a>
                      </footer>
                    </div>
                  }
                >
                  <Component
                    value={
                      <div
                        className="card is-fullwidth has-bottom-margin"
                      >
                        <header
                          className="card-header"
                        >
                          <p
                            className="card-header-title"
                            style={
                              Object {
                                "display": "inline-block",
                              }
                            }
                          >
                            <span
                              className="tag is-medium is-light"
                              style={
                                Object {
                                  "margin": "3px",
                                }
                              }
                            >
                              home
                            </span>
                          </p>
                          <p
                            className="card-header-icon"
                          >
                            3
                          </p>
                        </header>
                        <div
                          className="card-content"
                        >
                          <p
                            className="control title is-4"
                            dangerouslySetInnerHTML={
                              Object {
                                "__html": "<strong>Feedback</strong>: What could she do instead of fly?",
                              }
                            }
                          />
                          <p
                            className="control sub-title is-6"
                          >
                            Verbs | Active and Passive Voice | Passive Voice
                            <span
                              className="tag is-small is-success"
                              style={
                                Object {
                                  "marginLeft": 5,
                                }
                              }
                            >
                              Correct
                            </span>
                            <span
                              className="tag is-small is-warning"
                              onClick={[Function]}
                              style={
                                Object {
                                  "cursor": "pointer",
                                  "marginLeft": 5,
                                }
                              }
                            >
                              Delete
                            </span>
                          </p>
                        </div>
                        <footer
                          className="card-footer"
                        >
                          <ForwardRef
                            className="card-footer-item"
                            to="undefined/-Kh82vHrCCP4CG2eSSaC/edit"
                          >
                            Edit
                          </ForwardRef>
                          <a
                            className="card-footer-item"
                            onClick={[Function]}
                          >
                            Delete
                          </a>
                        </footer>
                      </div>
                    }
                  >
                    <div
                      className="list-item"
                    >
                      <div
                        className="card is-fullwidth has-bottom-margin"
                        key="-Kh82vHrCCP4CG2eSSaC"
                      >
                        <header
                          className="card-header"
                        >
                          <p
                            className="card-header-title"
                            style={
                              Object {
                                "display": "inline-block",
                              }
                            }
                          >
                            <span
                              className="tag is-medium is-light"
                              key="fp0"
                              style={
                                Object {
                                  "margin": "3px",
                                }
                              }
                            >
                              home
                            </span>
                          </p>
                          <p
                            className="card-header-icon"
                          >
                            3
                          </p>
                        </header>
                        <div
                          className="card-content"
                        >
                          <p
                            className="control title is-4"
                            dangerouslySetInnerHTML={
                              Object {
                                "__html": "<strong>Feedback</strong>: What could she do instead of fly?",
                              }
                            }
                          />
                          <p
                            className="control sub-title is-6"
                            key="Verbs | Active and Passive Voice | Passive Voice"
                          >
                            Verbs | Active and Passive Voice | Passive Voice
                            <span
                              className="tag is-small is-success"
                              style={
                                Object {
                                  "marginLeft": 5,
                                }
                              }
                            >
                              Correct
                            </span>
                            <span
                              className="tag is-small is-warning"
                              onClick={[Function]}
                              style={
                                Object {
                                  "cursor": "pointer",
                                  "marginLeft": 5,
                                }
                              }
                            >
                              Delete
                            </span>
                          </p>
                        </div>
                        <footer
                          className="card-footer"
                        >
                          <NavLink
                            className="card-footer-item"
                            to="undefined/-Kh82vHrCCP4CG2eSSaC/edit"
                          >
                            <Link
                              aria-current={null}
                              className="card-footer-item"
                              to={
                                Object {
                                  "hash": "",
                                  "pathname": "/undefined/-Kh82vHrCCP4CG2eSSaC/edit",
                                  "search": "",
                                  "state": null,
                                }
                              }
                            >
                              <LinkAnchor
                                aria-current={null}
                                className="card-footer-item"
                                href="/undefined/-Kh82vHrCCP4CG2eSSaC/edit"
                                navigate={[Function]}
                              >
                                <a
                                  aria-current={null}
                                  className="card-footer-item"
                                  href="/undefined/-Kh82vHrCCP4CG2eSSaC/edit"
                                  onClick={[Function]}
                                >
                                  Edit
                                </a>
                              </LinkAnchor>
                            </Link>
                          </NavLink>
                          <a
                            className="card-footer-item"
                            onClick={[Function]}
                          >
                            Delete
                          </a>
                        </footer>
                      </div>
                    </div>
                  </Component>
                </sortableElement>
              </div>
            </Component>
          </sortableList>
        </SortableList>
      </div>
    </FocusPointsContainer>
  </Router>
</BrowserRouter>
`;
