// Jest Snapshot v1, https://goo.gl/fbAQLP

exports[`SchoolAndDistrictFields Component should match snapshot 1`] = `
<SchoolAndDistrictFields
  districtIsSelected={true}
  districtNotListed={false}
  districts={Array []}
  errors={Object {}}
  handleDistrictSearchChange={[MockFunction]}
  handleSchoolSearchChange={[MockFunction]}
  handleUpdateField={[MockFunction]}
  schoolIsSelected={true}
  schoolNotListed={false}
  schools={Array []}
  selectedDistrict=""
  selectedSchool=""
>
  <div
    className="school-or-district-container"
  >
    <p>
      Do you represent a school or district?
    </p>
    <div
      className="radio-options"
    >
      <div
        className="radio"
      >
        <label
          htmlFor="School"
        >
          <input
            checked={true}
            id="School or district"
            onChange={[MockFunction]}
            type="radio"
            value="School"
          />
          School
        </label>
      </div>
      <div
        className="radio"
      >
        <label
          htmlFor="District"
        >
          <input
            checked={true}
            id="School or district"
            onChange={[MockFunction]}
            type="radio"
            value="District"
          />
          District
        </label>
      </div>
    </div>
  </div>
  <div
    className="loading-options-container"
  >
    <p>
      Loading school and district options...
    </p>
    <Spinner>
      <div
        className="loading-spinner"
      >
        <div
          className="spinner-container"
        >
          <img
            alt=""
            className="spinner"
            src="https://assets.quill.org/images/icons/loader_still.svg"
          />
        </div>
      </div>
    </Spinner>
  </div>
</SchoolAndDistrictFields>
`;
