// Jest Snapshot v1, https://goo.gl/fbAQLP

exports[`UnitTemplate component Markdown Preview should not render without activity_info in the state 1`] = `
<span
  id="unit-template-editor"
>
  <DropdownSeletor
    defaultValue={null}
    label="Select Flag"
    options={
      Array [
        "production",
        "alpha",
        "beta",
        "gamma",
        "archived",
        "private",
      ]
    }
    select={[Function]}
  />
  <a
    className="link-green"
    href="undefined/assign/featured-activity-packs/34"
    rel="noopener noreferrer"
    target="_blank"
  >
    Preview in Featured Activity Pack page
  </a>
  <span>
    <TextInput
      default="barebones activity"
      errors={Array []}
      key="name"
      name="name"
      update={[Function]}
    />
    <div
      className="activity-pack-description"
    >
      <br />
      <span>
        Activity Pack Description
      </span>
      <TextEditor
        ContentState={[Function]}
        EditorState={[Function]}
        handleTextChange={[Function]}
        key="activity-pack-description"
        shouldCheckSpelling={true}
        text="<p class=\\"hi\\">hi there</p>"
      />
    </div>
  </span>
  <DropdownSeletor
    defaultValue={null}
    label="Select Activity Pack Category"
    options={Array []}
    select={[Function]}
  />
  <DropdownSeletor
    defaultValue={20}
    label="Select time in minutes"
    options={
      Array [
        0,
        10,
        20,
        30,
        40,
        50,
        60,
        70,
        80,
        90,
        100,
        110,
        120,
        130,
        140,
        150,
        160,
        170,
        180,
        190,
      ]
    }
    select={[Function]}
  />
  <div>
    <h3>
      Diagnostics:
    </h3>
    <span />
    <br />
    <br />
  </div>
  <div>
    <h3>
      Readability:
    </h3>
    <span />
    <br />
    <br />
  </div>
  <div>
    <label>
      Click the square below or drag a file into it to upload a file:
    </label>
    <t
      disableClick={false}
      disablePreview={false}
      disabled={false}
      getDataTransferItems={[Function]}
      inputProps={Object {}}
      maxSize={Infinity}
      minSize={0}
      multiple={true}
      onDrop={[Function]}
      preventDropOnDocument={true}
    />
    <label>
      Here is the link to your uploaded file:
    </label>
    <input
      value=""
    />
  </div>
  <br />
  <br />
  <span>
    <UnitTemplateActivitySelector
      parentActivities={
        Array [
          Object {
            "anonymous_path": "/activity_sessions/anonymous?activity_id=303",
            "classification": Object {
              "alias": "Quill Grammar",
              "created_at": "2014-04-19T00:05:03.113Z",
              "form_url": "https://grammar.quill.org/play/sw",
              "id": 2,
              "image_class": "icon-puzzle-gray",
              "key": "sentence",
              "module_url": "https://grammar.quill.org/play/sw",
              "name": "Quill Grammar",
              "scorebook_icon_class": "icon-puzzle",
              "uid": "s2u3tVuguhfUjOQxDP-7RA",
              "updated_at": "2017-01-24T16:06:52.270Z",
            },
            "created_at": "2016-03-08T22:28:58.921Z",
            "data": null,
            "description": "Write five sentences using the correct preposition.",
            "flags": Array [
              "production",
            ],
            "id": 303,
            "name": "From",
            "standard": Object {
              "created_at": "2014-04-19T15:42:40.907Z",
              "id": 6,
              "name": "1.1i. Frequently Occurring Prepositions",
              "standard_category": Object {
                "created_at": "2015-02-07T21:55:22.293Z",
                "id": 5,
                "name": "Prepositions",
                "updated_at": "2015-02-07T21:55:22.293Z",
              },
              "standard_level": Object {
                "created_at": "2013-11-12T18:03:10.973Z",
                "id": 7,
                "name": "1st Grade CCSS",
                "updated_at": "2015-02-27T22:02:03.770Z",
              },
              "updated_at": "2015-02-07T21:55:22.303Z",
            },
            "uid": "-KCNLERe7k5EKlr2sm1b",
            "updated_at": "2016-03-17T19:06:21.724Z",
          },
        ]
      }
      setParentActivities={[Function]}
      toggleParentActivity={[Function]}
    />
    <div
      className="error-message-and-button"
    >
      <div
        className=""
      />
      <button
        className="button-green pull-right"
        id="continue"
        onClick={[Function]}
      >
        Save
      </button>
    </div>
  </span>
</span>
`;
