// Jest Snapshot v1, https://goo.gl/fbAQLP

exports[`FinalAttemptFeedback it should render 1`] = `
<DocumentFragment>
  <div
    aria-live="assertive"
    class="student-feedback-container revise"
    role="status"
  >
    <div
      class="feedback-row student-feedback-inner-container"
    >
      <img
        alt="Next Icon"
        class="info"
        src="https://assets.quill.org/images/icons/continue-brown.svg"
      />
      <div>
        <p>
          <b>
            Good try!
          </b>
           Compare your response to the strong response, and then go on to the next question.
          <br />
          <br />
          <b>
            Your response
          </b>
          <br />
          This is my latest wrong response.
          <br />
          <br />
          <b>
            A strong response
          </b>
          <br />
          This is the correct response.
        </p>
      </div>
    </div>
  </div>
</DocumentFragment>
`;
