// Jest Snapshot v1, https://goo.gl/fbAQLP

exports[`AssignANewActivity component default should render 1`] = `
<AssignANewActivity>
  <div
    className="assign-a-new-activity-container"
  >
    <div
      className="assign-a-new-activity container"
    >
      <h1>
        Find the perfect writing activities for your students.
      </h1>
      <div
        className="previously-assigned-container"
      >
        <p
          className="previously-assigned-activities"
        >
          You have 
           
          activities
           assigned. 
        </p>
        <div
          className="view-assigned-activities"
        >
          <a
            href="/teachers/classrooms/activity_planner"
          >
            View assigned activities
          </a>
        </div>
      </div>
      <div
        className="minis"
      >
        <AssignmentCard
          bodyArray={
            Array [
              Object {
                "key": "What",
                "text": "Have students complete a short writing assessment, and we'll generate a set of practice activities for each student based on the results.",
              },
              Object {
                "key": "When",
                "text": "You want data on what each student needs to practice, or you'd like Quill to recommend activities for your students.",
              },
            ]
          }
          header="Assess student writing with a diagnostic"
          imgAlt="page with writing and a magnifying glass over it"
          imgSrc="undefined/images/icons/icons-diagnostics-all.svg"
          key="diagnostic"
          selectCard={[Function]}
        >
          <div
            className=" assignment-card quill-card"
            onClick={[Function]}
          >
            <div
              className="top-row"
            >
              <div
                className="left"
              >
                <img
                  alt="page with writing and a magnifying glass over it"
                  src="undefined/images/icons/icons-diagnostics-all.svg"
                />
                <div
                  className="header-wrapper"
                >
                  <h2>
                    Assess student writing with a diagnostic
                  </h2>
                </div>
              </div>
            </div>
            <div
              className="body"
            >
              <div
                className="body-element"
                key="What"
              >
                <p
                  className="key"
                >
                  What
                </p>
                <p
                  className="text"
                >
                  Have students complete a short writing assessment, and we'll generate a set of practice activities for each student based on the results.
                </p>
              </div>
              <div
                className="body-element"
                key="When"
              >
                <p
                  className="key"
                >
                  When
                </p>
                <p
                  className="text"
                >
                  You want data on what each student needs to practice, or you'd like Quill to recommend activities for your students.
                </p>
              </div>
            </div>
          </div>
        </AssignmentCard>
        <AssignmentCard
          bodyArray={
            Array [
              Object {
                "key": "What",
                "text": "Search our entire library of activities to find exactly what your students need and build your own custom activity packs.",
              },
              Object {
                "key": "When",
                "text": "You know which skills you want your students to practice, or you'd like to browse all our activities before assigning a diagnostic.",
              },
            ]
          }
          header="Explore all activities in our activity library"
          imgAlt="web page with the layout of the Quill Activity Library"
          imgSrc="undefined/images/icons/icons-activity-library.svg"
          key="activity-library"
          selectCard={[Function]}
        >
          <div
            className=" assignment-card quill-card"
            onClick={[Function]}
          >
            <div
              className="top-row"
            >
              <div
                className="left"
              >
                <img
                  alt="web page with the layout of the Quill Activity Library"
                  src="undefined/images/icons/icons-activity-library.svg"
                />
                <div
                  className="header-wrapper"
                >
                  <h2>
                    Explore all activities in our activity library
                  </h2>
                </div>
              </div>
            </div>
            <div
              className="body"
            >
              <div
                className="body-element"
                key="What"
              >
                <p
                  className="key"
                >
                  What
                </p>
                <p
                  className="text"
                >
                  Search our entire library of activities to find exactly what your students need and build your own custom activity packs.
                </p>
              </div>
              <div
                className="body-element"
                key="When"
              >
                <p
                  className="key"
                >
                  When
                </p>
                <p
                  className="text"
                >
                  You know which skills you want your students to practice, or you'd like to browse all our activities before assigning a diagnostic.
                </p>
              </div>
            </div>
          </div>
        </AssignmentCard>
        <AssignmentCard
          bodyArray={
            Array [
              Object {
                "key": "What",
                "text": "Explore pre-created activity packs where activities are grouped together by skill and practice is scaffolded within each pack.",
              },
              Object {
                "key": "When",
                "text": "You want to quickly assign key practice, or you want to see how our teacher-led lessons pair with related independent practice.",
              },
            ]
          }
          header="Browse featured activity packs"
          imgAlt="four sheets of paper on top of each other"
          imgSrc="undefined/images/icons/icons-activity-packs.svg"
          key="activity-type"
          selectCard={[Function]}
        >
          <div
            className=" assignment-card quill-card"
            onClick={[Function]}
          >
            <div
              className="top-row"
            >
              <div
                className="left"
              >
                <img
                  alt="four sheets of paper on top of each other"
                  src="undefined/images/icons/icons-activity-packs.svg"
                />
                <div
                  className="header-wrapper"
                >
                  <h2>
                    Browse featured activity packs
                  </h2>
                </div>
              </div>
            </div>
            <div
              className="body"
            >
              <div
                className="body-element"
                key="What"
              >
                <p
                  className="key"
                >
                  What
                </p>
                <p
                  className="text"
                >
                  Explore pre-created activity packs where activities are grouped together by skill and practice is scaffolded within each pack.
                </p>
              </div>
              <div
                className="body-element"
                key="When"
              >
                <p
                  className="key"
                >
                  When
                </p>
                <p
                  className="text"
                >
                  You want to quickly assign key practice, or you want to see how our teacher-led lessons pair with related independent practice.
                </p>
              </div>
            </div>
          </div>
        </AssignmentCard>
        <AssignmentCard
          bodyArray={
            Array [
              Object {
                "key": "What",
                "text": "Find activities focused on key SpringBoard, Pre-AP, and AP writing skills, as well as in-content activities based on Pre-AP texts.",
              },
              Object {
                "key": "When",
                "text": "You're a SpringBoard, Pre-AP, or AP teacher, or you're interested in using Pre-AP or AP materials with your high school students.",
              },
            ]
          }
          header="View SpringBoard, Pre-AP, and AP activities"
          imgAlt="graduation cap"
          imgClassName="graduation-cap"
          imgSrc="undefined/images/icons/icons-graduation-cap.svg"
          key="college-board"
          selectCard={[Function]}
        >
          <div
            className=" assignment-card quill-card"
            onClick={[Function]}
          >
            <div
              className="top-row"
            >
              <div
                className="left"
              >
                <img
                  alt="graduation cap"
                  className="graduation-cap"
                  src="undefined/images/icons/icons-graduation-cap.svg"
                />
                <div
                  className="header-wrapper"
                >
                  <h2>
                    View SpringBoard, Pre-AP, and AP activities
                  </h2>
                </div>
              </div>
            </div>
            <div
              className="body"
            >
              <div
                className="body-element"
                key="What"
              >
                <p
                  className="key"
                >
                  What
                </p>
                <p
                  className="text"
                >
                  Find activities focused on key SpringBoard, Pre-AP, and AP writing skills, as well as in-content activities based on Pre-AP texts.
                </p>
              </div>
              <div
                className="body-element"
                key="When"
              >
                <p
                  className="key"
                >
                  When
                </p>
                <p
                  className="text"
                >
                  You're a SpringBoard, Pre-AP, or AP teacher, or you're interested in using Pre-AP or AP materials with your high school students.
                </p>
              </div>
            </div>
          </div>
        </AssignmentCard>
      </div>
    </div>
  </div>
</AssignANewActivity>
`;
