// Jest Snapshot v1, https://goo.gl/fbAQLP

exports[`ShareActivityPackModal component should render 1`] = `
<div
  className="modal-container google-classroom-modal-container"
>
  <div
    className="modal-background"
  />
  <div
    className="google-classroom-share-activity-modal quill-modal modal-body"
  >
    <div
      className="title-row"
    >
      <h3
        className="title"
      >
        Share this activity with your students
      </h3>
      <button
        className="close-button focus-on-light"
        onClick={[Function]}
        type="button"
      >
        <img
          alt="close-icon"
          src="undefined/images/icons/close.svg"
        />
      </button>
    </div>
    <p
      className="disclaimer-text"
    >
      Only students who were assigned "undefined" will be able to open the link.
    </p>
    <div
      className="class-and-activity-data-container"
    >
      <div
        className="first-step-container"
      >
        <div
          className="left-container"
        >
          <div
            className="step-number-circle"
          >
            <p>
              1
            </p>
          </div>
        </div>
        <div
          className="right-container"
        >
          <p
            className="header"
          >
            Choose a class
          </p>
          <p
            className="secondary-text"
          >
            Since you assigned this activity pack to more than one class you need to select a class to view the share link.
          </p>
          <DropdownInput
            className="page-number-dropdown"
            handleChange={[Function]}
            isSearchable={true}
            label="Choose a class"
            options={Array []}
            value={
              Object {
                "label": "",
                "value": "",
              }
            }
          />
        </div>
      </div>
      <div
        className="second-step-container"
      >
        <div
          className="left-container"
        >
          <div
            className="step-number-circle"
          >
            <p>
              2
            </p>
          </div>
        </div>
        <div
          className="right-container"
        >
          <p
            className="header"
          >
            Share with your class
          </p>
          <div
            className="activity-pack-data-container hide-modal-element"
          >
            <p
              className="link-label"
            >
              Activity pack link
            </p>
            <p
              className="activity-pack-link"
            >
              0
            </p>
          </div>
        </div>
      </div>
    </div>
    <div
      className="form-buttons hide-modal-element"
    >
      <CopyToClipboard
        onCopy={[Function]}
        text={0}
      >
        <button
          className="quill-button outlined secondary medium focus-on-light"
          type="button"
        >
          Copy link
        </button>
      </CopyToClipboard>
      <button
        className="quill-button outlined secondary medium focus-on-light"
        onClick={[Function]}
        type="button"
      >
        <div
          className="button-text-container"
        >
          <img
            alt="close-icon"
            src="undefined/images/icons/icons-google-classroom-color.svg"
          />
          <p
            className="button-text"
          >
            Share to Google Classroom
          </p>
        </div>
      </button>
    </div>
    <Snackbar
      text="Link copied"
      visible={false}
    />
  </div>
</div>
`;
