// Jest Snapshot v1, https://goo.gl/fbAQLP

exports[`EvidenceWidget Component should match snapshot 1`] = `
<EvidenceWidget>
  <div
    className="image-container"
  >
    <img
      alt=""
      className="evidence-image inactive"
      src="https://assets.quill.org/images/evidence/home_page/widget_images/2x/HeroEvidenceWidget_12.png"
    />
    <img
      alt=""
      className="evidence-image inactive"
      src="https://assets.quill.org/images/evidence/home_page/widget_images/2x/HeroEvidenceWidget_11.png"
    />
    <img
      alt=""
      className="evidence-image inactive"
      src="https://assets.quill.org/images/evidence/home_page/widget_images/2x/HeroEvidenceWidget_10.png"
    />
    <img
      alt=""
      className="evidence-image inactive"
      src="https://assets.quill.org/images/evidence/home_page/widget_images/2x/HeroEvidenceWidget_9.png"
    />
    <img
      alt=""
      className="evidence-image inactive"
      src="https://assets.quill.org/images/evidence/home_page/widget_images/2x/HeroEvidenceWidget_8.png"
    />
    <img
      alt=""
      className="evidence-image inactive"
      src="https://assets.quill.org/images/evidence/home_page/widget_images/2x/HeroEvidenceWidget_7.png"
    />
    <img
      alt=""
      className="evidence-image inactive"
      src="https://assets.quill.org/images/evidence/home_page/widget_images/2x/HeroEvidenceWidget_6.png"
    />
    <img
      alt=""
      className="evidence-image inactive"
      src="https://assets.quill.org/images/evidence/home_page/widget_images/2x/HeroEvidenceWidget_5.png"
    />
    <img
      alt=""
      className="evidence-image inactive"
      src="https://assets.quill.org/images/evidence/home_page/widget_images/2x/HeroEvidenceWidget_4.png"
    />
    <img
      alt=""
      className="evidence-image inactive"
      src="https://assets.quill.org/images/evidence/home_page/widget_images/2x/HeroEvidenceWidget_3.png"
    />
    <img
      alt=""
      className="evidence-image inactive"
      src="https://assets.quill.org/images/evidence/home_page/widget_images/2x/HeroEvidenceWidget_2.png"
    />
    <img
      alt=""
      className="evidence-image "
      src="https://assets.quill.org/images/evidence/home_page/widget_images/2x/HeroEvidenceWidget_1.png"
    />
  </div>
</EvidenceWidget>
`;
